manifest.json: OK
migration-order.tsv: OK
crates/operational-store/migrations/metadata-postgres/0001_operational_roles_and_ledger.sql: OK
crates/operational-store/migrations/metadata-postgres/0002_operational_store_binding.sql: OK
crates/operational-store/migrations/metadata-postgres/0003_empty_service_schemas.sql: OK
crates/execution-store/migrations/execution-postgres/0001_execution_foundations.sql: OK
crates/agent-store/migrations/agent-postgres/0001_agent_and_embedded_memory.sql: OK
crates/agent-store/migrations/agent-postgres/0002_native_a2a_aliases.sql: OK
crates/workflow-store/migrations/workflow-postgres/0001_workflow_runtime.sql: OK
crates/a2a-store/migrations/a2a-postgres/0001_external_a2a_durability.sql: OK
crates/operational-store/migrations/metadata-postgres/0004_runtime_ledger_visibility.sql: OK
crates/workflow-store/migrations/workflow-postgres/0002_governed_a2a_outbound.sql: OK
crates/gateway-operational-store/migrations/gateway-postgres/0001_gateway_evidence_spool.sql: OK
crates/audit-store/migrations/audit-postgres/0001_tenant_audit_store.sql: OK
crates/artifact-store/migrations/artifact-postgres/0001_artifact_metadata.sql: OK
crates/a2a-store/migrations/a2a-postgres/0002_backend_skill_correlation.sql: OK
crates/agent-store/migrations/agent-postgres/0003_native_a2a_phase4.sql: OK
crates/a2a-store/migrations/a2a-postgres/0003_governed_push_delivery.sql: OK
crates/workflow-store/migrations/workflow-postgres/0003_governed_a2a_outbound_policy.sql: OK
crates/workflow-store/migrations/workflow-postgres/0004_workflow_consumer_offsets.sql: OK
crates/operational-store/migrations/metadata-postgres/0005_host_registration_v2.sql: OK
crates/workflow-store/migrations/workflow-postgres/0005_workflow_catalog_projection.sql: OK
crates/workflow-store/migrations/workflow-postgres/0006_workflow_endpoint_resolution.sql: OK
crates/execution-store/migrations/execution-postgres/0002_prefixed_policy_digests.sql: OK
crates/workflow-store/migrations/workflow-postgres/0007_workflow_action_dispatch.sql: OK
crates/workflow-store/migrations/workflow-postgres/0008_development_workflow.sql: OK
crates/workflow-store/migrations/workflow-postgres/0009_workflow_agent_dispatch.sql: OK
crates/agent-store/migrations/agent-postgres/0004_workflow_job_transport.sql: OK
crates/workflow-store/migrations/workflow-postgres/0010_workflow_action_runtime_privileges.sql: OK
crates/agent-store/migrations/agent-postgres/0005_workflow_job_owner.sql: OK
crates/workflow-store/migrations/workflow-postgres/0011_workflow_human_task_assignment.sql: OK
crates/workflow-store/migrations/workflow-postgres/0012_private_execution_lifetime.sql: OK
crates/workflow-store/migrations/workflow-postgres/0013_workflow_long_owner_binding.sql: OK
crates/agent-store/migrations/agent-postgres/0006_long_work_binding.sql: OK
crates/workflow-store/migrations/workflow-postgres/0014_workflow_tool_access_approval_run.sql: OK
crates/workflow-store/migrations/workflow-postgres/0015_native_process_operations.sql: OK
crates/workflow-store/migrations/workflow-postgres/0016_definition_native_start.sql: OK
crates/workflow-store/migrations/workflow-postgres/0017_workflow_long_credentials.sql: OK
crates/workflow-store/migrations/workflow-postgres/0018_workflow_tool_binding_revisions.sql: OK
crates/workflow-store/migrations/workflow-postgres/0019_workflow_binding_read_fields.sql: OK
crates/workflow-store/migrations/workflow-postgres/0020_artifact_legacy_retirement.sql: FAILED open or read
/usr/bin/sha256sum: crates/workflow-store/migrations/workflow-postgres/0020_artifact_legacy_retirement.sql: No such file or directory
/usr/bin/sha256sum: WARNING: 1 listed file could not be read

